===> Verifying dependencies...
===> Analyzing applications...
===> Compiling efz
===> Performing EUnit tests...
======================== EUnit ========================
file "efz.app"
  application 'efz'
    module 'efz'
    module 'efz_app'
    module 'efz_config'
    module 'efz_corpus'
    module 'efz_cov'
    module 'efz_cov_manifest'
    module 'efz_cov_rt'
    module 'efz_crash'
    module 'efz_dictionary'
    module 'efz_example_parser'
    module 'efz_example_target'
    module 'efz_executor'
      module 'efz_executor_tests'
        efz_executor_tests:3: -executor_test_/0-fun-7-...ok
        efz_executor_tests:3: -executor_test_/0-fun-5-...ok
        efz_executor_tests:3: -executor_test_/0-fun-3-...ok
        efz_executor_tests:3: -executor_test_/0-fun-1-...[0.011 s] ok
        [done in 0.023 s]
      [done in 0.023 s]
    module 'efz_feedback'
    module 'efz_fuzzer'
    module 'efz_instrument'
    module 'efz_instrument_pt'
    module 'efz_mutation'
      module 'efz_mutation_tests'
        efz_mutation_tests: operators_test...[0.070 s] ok
        efz_mutation_tests: limits_test...ok
        efz_mutation_tests: bit_model_test...[0.032 s] ok
        efz_mutation_tests: block_model_test...[0.005 s] ok
        efz_mutation_tests: boundaries_test...[0.001 s] ok
        efz_mutation_tests: dictionary_test...[0.005 s] ok
        efz_mutation_tests: configuration_test...ok
        efz_mutation_tests: enumeration_test...ok
        efz_mutation_tests: fairness_test...ok
        efz_mutation_tests: finite_test...ok
        efz_mutation_tests: random_state_test...[0.008 s] ok
        efz_mutation_tests: noop_stack_test...ok
        efz_mutation_tests: growing_corpus_test...ok
        efz_mutation_tests: duplicate_donors_test...ok
        efz_mutation_tests: internal_selection_test...[0.003 s] ok
        [done in 0.169 s]
      [done in 0.169 s]
    module 'efz_mutation_plan'
    module 'efz_mutator'
      module 'efz_mutator_tests'
        efz_mutator_tests: mutator_test...[0.001 s] ok
        efz_mutator_tests: empty_test...ok
        [done in 0.007 s]
      [done in 0.007 s]
    module 'efz_mutator_random'
    module 'efz_recipe'
      module 'efz_recipe_tests'
        efz_recipe_tests: all_operations_test...[0.006 s] ok
        efz_recipe_tests: negative_test...ok
        efz_recipe_tests: fresh_vm_test...[0.390 s] ok
        [done in 0.405 s]
      [done in 0.405 s]
    module 'efz_stats'
    module 'efz_sup'
    module 'efz_target'
    module 'efz_worker'
    module 'efz_worker_sup'
    [done in 0.674 s]
  [done in 0.675 s]
module 'efz_backend_tests'
  efz_backend_tests: -backend_test_/0-fun-12- (canonical outcomes, exact probes and novelty)...[0.010 s] ok
  efz_backend_tests: -backend_test_/0-fun-11- (published coverage survives external kill)...[0.001 s] ok
  efz_backend_tests: -backend_test_/0-fun-10- (published coverage survives timeout)...[4.004 s] ok
  efz_backend_tests: -backend_test_/0-fun-9- (kill while repeatedly publishing probes)...[0.015 s] ok
  efz_backend_tests: -backend_test_/0-fun-8- (broken backend cannot hide behind repeated observations)...[0.001 s] ok
  efz_backend_tests: -backend_test_/0-fun-7- (invalid or mismatched validation plans)...[0.002 s] ok
  efz_backend_tests: -backend_test_/0-fun-6- (prepared capability lifetime and empty-snapshot validation)...=ERROR REPORT==== 12-Sep-2026::18:18:19.116224 ===
Error in process <0.1208.0> with exit value:
{function_clause,
    [{efz_cov_manifest,builds,
         [{efz_cov_plan,99,#Ref<0.3140184344.1260781578.238952>,
              #{efz_example_parser =>
                    <<169,254,227,122,64,124,26,86,50,108,192,148,60,14,61,71,
                      140,115,253,198,197,139,107,193,190,75,219,111,168,66,8,
                      236>>,
                efz_fixture =>
                    <<25,178,232,99,82,115,199,141,152,235,121,215,187,76,43,
                      17,209,185,78,77,169,96,142,33,125,86,54,134,79,216,0,150>>,
                efz_fixture_helper =>
                    <<36,87,81,85,225,241,171,62,21,138,61,97,8,9,137,39,
                      190,222,30,146,159,214,87,239,54,77,25,168,42,53,156,
                      25>>}}],
         [{file,"/home/fbogoslavskii/erl:fuzz/efz/src/efz_cov_manifest.erl"},
          {line,70}]},
     {efz_executor,coordinate,6,
         [{file,"/home/fbogoslavskii/erl:fuzz/efz/src/efz_executor.erl"},
          {line,52}]}]}

=ERROR REPORT==== 12-Sep-2026::18:18:19.116943 ===
Error in process <0.1226.0> with exit value:
{function_clause,
    [{efz_cov_manifest,builds,
         [{efz_cov_plan,99,#Ref<0.3140184344.1260781578.239026>,
              #{efz_example_parser =>
                    <<169,254,227,122,64,124,26,86,50,108,192,148,60,14,61,71,
                      140,115,253,198,197,139,107,193,190,75,219,111,168,66,8,
                      236>>,
                efz_fixture =>
                    <<25,178,232,99,82,115,199,141,152,235,121,215,187,76,43,
                      17,209,185,78,77,169,96,142,33,125,86,54,134,79,216,0,150>>,
                efz_fixture_helper =>
                    <<36,87,81,85,225,241,171,62,21,138,61,97,8,9,137,39,
                      190,222,30,146,159,214,87,239,54,77,25,168,42,53,156,
                      25>>}}],
         [{file,"/home/fbogoslavskii/erl:fuzz/efz/src/efz_cov_manifest.erl"},
          {line,70}]},
     {efz_executor,coordinate,6,
         [{file,"/home/fbogoslavskii/erl:fuzz/efz/src/efz_executor.erl"},
          {line,52}]}]}

[0.002 s] ok
  efz_backend_tests: -backend_test_/0-fun-5- (two explicitly separate contexts)...[0.001 s] ok
  efz_backend_tests: -backend_test_/0-fun-4- (caller death releases execution storage)...[0.003 s] ok
  efz_backend_tests: -backend_test_/0-fun-3- (deadline boundary and repeated resource cleanup)...[0.041 s] ok
  efz_backend_tests: -backend_test_/0-fun-2- (campaign and application cancellation)...=INFO REPORT==== 12-Sep-2026::18:18:19.191301 ===
    application: efz
    exited: stopped
    type: temporary

=INFO REPORT==== 12-Sep-2026::18:18:19.197644 ===
    application: efz
    exited: stopped
    type: temporary

=INFO REPORT==== 12-Sep-2026::18:18:19.204965 ===
    application: efz
    exited: stopped
    type: temporary

=INFO REPORT==== 12-Sep-2026::18:18:19.211820 ===
    application: efz
    exited: stopped
    type: temporary

=INFO REPORT==== 12-Sep-2026::18:18:19.216974 ===
    application: efz
    exited: stopped
    type: temporary

=INFO REPORT==== 12-Sep-2026::18:18:19.221947 ===
    application: efz
    exited: stopped
    type: temporary

=INFO REPORT==== 12-Sep-2026::18:18:19.227278 ===
    application: efz
    exited: stopped
    type: temporary

=INFO REPORT==== 12-Sep-2026::18:18:19.232093 ===
    application: efz
    exited: stopped
    type: temporary

[0.058 s] ok
  efz_backend_tests: -backend_test_/0-fun-1- (seeded real and prerecorded corpus decisions)...=INFO REPORT==== 12-Sep-2026::18:18:19.241559 ===
    application: efz
    exited: stopped
    type: temporary

=INFO REPORT==== 12-Sep-2026::18:18:19.244765 ===
    application: efz
    exited: stopped
    type: temporary

=INFO REPORT==== 12-Sep-2026::18:18:19.247344 ===
    application: efz
    exited: stopped
    type: temporary

=INFO REPORT==== 12-Sep-2026::18:18:19.249874 ===
    application: efz
    exited: stopped
    type: temporary

=INFO REPORT==== 12-Sep-2026::18:18:19.259712 ===
    application: efz
    exited: stopped
    type: temporary

=INFO REPORT==== 12-Sep-2026::18:18:19.271115 ===
    application: efz
    exited: stopped
    type: temporary

=INFO REPORT==== 12-Sep-2026::18:18:19.280262 ===
    application: efz
    exited: stopped
    type: temporary

=INFO REPORT==== 12-Sep-2026::18:18:19.290033 ===
    application: efz
    exited: stopped
    type: temporary

[0.055 s] ok
  efz_backend_tests: -backend_test_/0-fun-0- (invalid config and missing instrumentation)...[0.002 s] ok
=INFO REPORT==== 12-Sep-2026::18:18:19.300398 ===
    application: efz
    exited: stopped
    type: temporary

  [done in 4.235 s]
module 'efz_coverage_SUITE'
module 'efz_phase2_tests'
  efz_phase2_tests: -phase2_test_/0-fun-13- (plain and instrumented semantics)...[0.004 s] ok
  efz_phase2_tests: -phase2_test_/0-fun-12- (all required probe kinds and same-line clauses)...ok
  efz_phase2_tests: -phase2_test_/0-fun-11- (repeatability, empty contexts, inactive runtime)...ok
  efz_phase2_tests: -phase2_test_/0-fun-10- (separate processes and contexts)...ok
  efz_phase2_tests: -phase2_test_/0-fun-9- (exceptions retain coverage)...[0.001 s] ok
  efz_phase2_tests: -phase2_test_/0-fun-8- (external kill retains coverage)...ok
  efz_phase2_tests: -phase2_test_/0-fun-7- (timeout retains coverage)...[1.002 s] ok
  efz_phase2_tests: -phase2_test_/0-fun-6- (completion deadline boundary and resource lifetime)...[0.010 s] ok
  efz_phase2_tests: -phase2_test_/0-fun-5- (owner death cleans target and table)...[0.001 s] ok
  efz_phase2_tests: -phase2_test_/0-fun-4- (caught backend failure is infrastructure failure)...ok
  efz_phase2_tests: -phase2_test_/0-fun-3- (build reproducibility and changed code)...[0.394 s] ok
  efz_phase2_tests: -phase2_test_/0-fun-2- (build mismatch and uninstrumented preflight)...[0.129 s] ok
  efz_phase2_tests: sidecar_encoding (sidecar map ordering and preflight in a fresh VM)...[0.259 s] ok
  efz_phase2_tests: -phase2_test_/0-fun-1- (tail position preserved)...[0.013 s] ok
  efz_phase2_tests: skipped (skipped syntax, strict mode, unknown AST, double transform)...EFZ incomplete instrumentation efz_skipped: [#{line => 4,
                                               reason =>
                                                   preserved_without_internal_probes,
                                               structural_location =>
                                                   [{function,run,1},1,body,1],
                                               source_file =>
                                                   "fixtures/efz_skipped.erl",
                                               construct => lc},
                                             #{line => 5,
                                               reason =>
                                                   preserved_without_internal_probes,
                                               structural_location =>
                                                   [{function,run,1},2,body,1],
                                               source_file =>
                                                   "fixtures/efz_skipped.erl",
                                               construct => bc},
                                             #{line => 6,
                                               reason =>
                                                   preserved_without_internal_probes,
                                               structural_location =>
                                                   [{function,run,1},3,body,1],
                                               source_file =>
                                                   "fixtures/efz_skipped.erl",
                                               construct => mc},
                                             #{line => 7,
                                               reason =>
                                                   preserved_without_internal_probes,
                                               structural_location =>
                                                   [{function,run,1},4,body,1],
                                               source_file =>
                                                   "fixtures/efz_skipped.erl",
                                               construct => 'maybe'}]
EFZ incomplete instrumentation efz_record_default: [#{line => 3,
                                                      reason =>
                                                          preserved_without_internal_probes,
                                                      structural_location =>
                                                          [{record,r}],
                                                      source_file =>
                                                          "fixtures/efz_record_default.erl",
                                                      construct =>
                                                          record_default}]
[0.121 s] ok
  efz_phase2_tests: build_options (build facade safety and option handling)...[0.039 s] ok
  efz_phase2_tests: campaign (automatic campaign decisions and crash continuation)...=INFO REPORT==== 12-Sep-2026::18:18:21.636970 ===
    application: efz
    exited: stopped
    type: temporary

[0.031 s] ok
  efz_phase2_tests: -phase2_test_/0-fun-0- (cancellation and restart)...=INFO REPORT==== 12-Sep-2026::18:18:21.646839 ===
    application: efz
    exited: stopped
    type: temporary

=INFO REPORT==== 12-Sep-2026::18:18:21.648429 ===
    application: efz
    exited: stopped
    type: temporary

=INFO REPORT==== 12-Sep-2026::18:18:21.649918 ===
    application: efz
    exited: stopped
    type: temporary

=INFO REPORT==== 12-Sep-2026::18:18:21.651720 ===
    application: efz
    exited: stopped
    type: temporary

=INFO REPORT==== 12-Sep-2026::18:18:21.653201 ===
    application: efz
    exited: stopped
    type: temporary

[0.011 s] ok
  [done in 2.071 s]
module 'efz_phase3_tests'
  efz_phase3_tests: -phase3_test_/0-fun-4- (real deterministic operator discoveries and crash continuation)...=INFO REPORT==== 12-Sep-2026::18:18:21.721331 ===
    application: efz
    exited: stopped
    type: temporary

[0.021 s] ok
  efz_phase3_tests: -phase3_test_/0-fun-3- (bounded trace does not change mutation choices)...=INFO REPORT==== 12-Sep-2026::18:18:21.734827 ===
    application: efz
    exited: stopped
    type: temporary

=INFO REPORT==== 12-Sep-2026::18:18:21.747536 ===
    application: efz
    exited: stopped
    type: temporary

=INFO REPORT==== 12-Sep-2026::18:18:21.756374 ===
    application: efz
    exited: stopped
    type: temporary

=INFO REPORT==== 12-Sep-2026::18:18:21.765162 ===
    application: efz
    exited: stopped
    type: temporary

[0.040 s] ok
  efz_phase3_tests: -phase3_test_/0-fun-2- (fresh VM regeneration and actual crash replay)...[0.302 s] ok
  efz_phase3_tests: -phase3_test_/0-fun-1- (replay rejects incompatible builds and disposed plan options)...[0.002 s] ok
  efz_phase3_tests: exhaustion (no candidate is not a target execution)...=INFO REPORT==== 12-Sep-2026::18:18:22.080336 ===
    application: efz
    exited: stopped
    type: temporary

[0.002 s] ok
  efz_phase3_tests: -phase3_test_/0-fun-0- (mutator exceptions are infrastructure failures)...=INFO REPORT==== 12-Sep-2026::18:18:22.087424 ===
    application: efz
    exited: stopped
    type: temporary

[0.004 s] ok
  [done in 0.389 s]
module 'efz_scripted_mutator'
efz_smoke_tests: smoke_test (module 'efz_smoke_tests')...=INFO REPORT==== 12-Sep-2026::18:18:22.104619 ===
    application: efz
    exited: stopped
    type: temporary

[0.005 s] ok
=======================================================
  All 62 tests passed.
